../Core/Src/main.c:86:5:main	8	static
../Core/Src/main.c:167:6:SystemClock_Config	72	static
../Core/Src/main.c:206:13:MX_I2C2_Init	8	static
../Core/Src/main.c:240:13:MX_TIM1_Init	40	static
../Core/Src/main.c:287:13:MX_USART1_UART_Init	8	static
../Core/Src/main.c:320:13:MX_USART2_UART_Init	8	static
../Core/Src/main.c:353:13:MX_GPIO_Init	32	static
../Core/Src/main.c:386:6:HC05_SendCommand	16	static
../Core/Src/main.c:397:6:initHC	8	static
../Core/Src/main.c:410:6:updateController	8	static
../Core/Src/main.c:418:6:updateController_noUpdate	312	static
../Core/Src/main.c:490:6:safeShutdownProcedure	4	static
../Core/Src/main.c:495:6:HAL_UART_RxCpltCallback	24	static
../Core/Src/main.c:530:6:UART_sendString	16	static
../Core/Src/main.c:534:6:UART_send_Char	16	static
../Core/Src/main.c:537:6:UART_receive_Data	16	static
../Core/Src/main.c:542:6:UART_send_Data	16	static
../Core/Src/main.c:546:6:UART_sendNumber	40	static
../Core/Src/main.c:566:6:SendPIDValues	56	static
../Core/Src/main.c:586:6:Error_Handler	4	static,ignoring_inline_asm
